// Jest Snapshot v1, https://goo.gl/fbAQLP

exports[`App matches snapshot Will match snapshot 1`] = `undefined`;
